// Jest Snapshot v1, https://goo.gl/fbAQLP

exports[`testlang 1`] = `
Array [
  "a",
  "d",
]
`;
