// Jest Snapshot v1, https://goo.gl/fbAQLP

exports[`url should return urlparam 1`] = `"projId=hello"`;
