// Jest Snapshot v1, https://goo.gl/fbAQLP

exports[`Get wrappers for project records should get projects by search string 1`] = `
Array [
  Object {
    "$id": Object {
      "type": "__ID__",
      "value": "110",
    },
    "constructionName": Object {
      "type": "SINGLE_LINE_TEXT",
      "value": "LORENZ RAS様邸 その他工事",
    },
  },
  Object {
    "$id": Object {
      "type": "__ID__",
      "value": "109",
    },
    "constructionName": Object {
      "type": "SINGLE_LINE_TEXT",
      "value": "LORENZ RAS様邸 営繕工事",
    },
  },
  Object {
    "$id": Object {
      "type": "__ID__",
      "value": "104",
    },
    "constructionName": Object {
      "type": "SINGLE_LINE_TEXT",
      "value": "Lorenz Ras様邸 蓄電池設置工事",
    },
  },
  Object {
    "$id": Object {
      "type": "__ID__",
      "value": "103",
    },
    "constructionName": Object {
      "type": "SINGLE_LINE_TEXT",
      "value": "Lorenz Ras様邸 設備交換工事",
    },
  },
  Object {
    "$id": Object {
      "type": "__ID__",
      "value": "99",
    },
    "constructionName": Object {
      "type": "SINGLE_LINE_TEXT",
      "value": "Lorenz Ras様邸 解体・撤去工事",
    },
  },
]
`;
