// Jest Snapshot v1, https://goo.gl/fbAQLP

exports[`saveForm should save 1`] = `
Object {
  "id": "2",
  "revision": "1",
}
`;

exports[`saveForm should update 1`] = `
Object {
  "revision": "2",
}
`;
