// Jest Snapshot v1, https://goo.gl/fbAQLP

exports[`Prospect Search prospect 1`] = `
Array [
  Object {
    "$id": "103",
    "agents": Array [
      Object {
        "agentType": "cocoConst",
        "employeeName": "坂神　隆仁",
      },
      Object {
        "agentType": "cocoConst",
        "employeeName": "",
      },
    ],
    "custGroup": Array [],
    "custGroupId": "164",
    "memo": "",
    "projName": "Lorenz Ras様邸 設備交換工事",
  },
  Object {
    "$id": "104",
    "agents": Array [
      Object {
        "agentType": "cocoConst",
        "employeeName": "黒木　麻衣子",
      },
      Object {
        "agentType": "cocoConst",
        "employeeName": "",
      },
    ],
    "custGroup": Array [],
    "custGroupId": "164",
    "memo": "ccvxcxcxc",
    "projName": "Lorenz Ras様邸 蓄電池",
  },
  Object {
    "$id": "109",
    "agents": Array [
      Object {
        "agentType": "cocoConst",
        "employeeName": "沖永　誠治",
      },
      Object {
        "agentType": "cocoConst",
        "employeeName": "大井　道晴",
      },
    ],
    "custGroup": Array [],
    "custGroupId": "178",
    "memo": "",
    "projName": "LORENZ RAS様邸 営繕工事",
  },
  Object {
    "$id": "110",
    "agents": Array [
      Object {
        "agentType": "cocoConst",
        "employeeName": "大井　道晴",
      },
      Object {
        "agentType": "cocoConst",
        "employeeName": "大井　道晴",
      },
    ],
    "custGroup": Array [],
    "custGroupId": "178",
    "memo": "",
    "projName": "LORENZ RAS様邸 その他工事",
  },
]
`;
