// Jest Snapshot v1, https://goo.gl/fbAQLP

exports[`CustGroup has been searched 1`] = `
Array [
  Object {
    "$id": Object {
      "type": "__ID__",
      "value": "2",
    },
    "mainStore": Object {
      "type": "SINGLE_LINE_TEXT",
      "value": "豊川八幡店",
    },
    "文字列＿氏名": Object {
      "type": "SINGLE_LINE_TEXT",
      "value": "山口 恭平",
    },
  },
  Object {
    "$id": Object {
      "type": "__ID__",
      "value": "3",
    },
    "mainStore": Object {
      "type": "SINGLE_LINE_TEXT",
      "value": "大垣店",
    },
    "文字列＿氏名": Object {
      "type": "SINGLE_LINE_TEXT",
      "value": "髙橋 滉人",
    },
  },
  Object {
    "$id": Object {
      "type": "__ID__",
      "value": "4",
    },
    "mainStore": Object {
      "type": "SINGLE_LINE_TEXT",
      "value": "大垣店",
    },
    "文字列＿氏名": Object {
      "type": "SINGLE_LINE_TEXT",
      "value": "清水 省吾",
    },
  },
  Object {
    "$id": Object {
      "type": "__ID__",
      "value": "5",
    },
    "mainStore": Object {
      "type": "SINGLE_LINE_TEXT",
      "value": "大垣店",
    },
    "文字列＿氏名": Object {
      "type": "SINGLE_LINE_TEXT",
      "value": "岸田 周祐",
    },
  },
  Object {
    "$id": Object {
      "type": "__ID__",
      "value": "6",
    },
    "mainStore": Object {
      "type": "SINGLE_LINE_TEXT",
      "value": "大垣店",
    },
    "文字列＿氏名": Object {
      "type": "SINGLE_LINE_TEXT",
      "value": "西村 征也",
    },
  },
  Object {
    "$id": Object {
      "type": "__ID__",
      "value": "7",
    },
    "mainStore": Object {
      "type": "SINGLE_LINE_TEXT",
      "value": "大垣店",
    },
    "文字列＿氏名": Object {
      "type": "SINGLE_LINE_TEXT",
      "value": "石垣 大志",
    },
  },
  Object {
    "$id": Object {
      "type": "__ID__",
      "value": "8",
    },
    "mainStore": Object {
      "type": "SINGLE_LINE_TEXT",
      "value": "大垣店",
    },
    "文字列＿氏名": Object {
      "type": "SINGLE_LINE_TEXT",
      "value": "吉原 陸",
    },
  },
  Object {
    "$id": Object {
      "type": "__ID__",
      "value": "11",
    },
    "mainStore": Object {
      "type": "SINGLE_LINE_TEXT",
      "value": "豊田中央店",
    },
    "文字列＿氏名": Object {
      "type": "SINGLE_LINE_TEXT",
      "value": "榊原 慎吾",
    },
  },
  Object {
    "$id": Object {
      "type": "__ID__",
      "value": "12",
    },
    "mainStore": Object {
      "type": "SINGLE_LINE_TEXT",
      "value": "豊田大林店",
    },
    "文字列＿氏名": Object {
      "type": "SINGLE_LINE_TEXT",
      "value": "石川 高巳",
    },
  },
  Object {
    "$id": Object {
      "type": "__ID__",
      "value": "13",
    },
    "mainStore": Object {
      "type": "SINGLE_LINE_TEXT",
      "value": "豊田大林店",
    },
    "文字列＿氏名": Object {
      "type": "SINGLE_LINE_TEXT",
      "value": "本田 勇大",
    },
  },
  Object {
    "$id": Object {
      "type": "__ID__",
      "value": "14",
    },
    "mainStore": Object {
      "type": "SINGLE_LINE_TEXT",
      "value": "豊田大林店",
    },
    "文字列＿氏名": Object {
      "type": "SINGLE_LINE_TEXT",
      "value": "花井 喜久",
    },
  },
  Object {
    "$id": Object {
      "type": "__ID__",
      "value": "15",
    },
    "mainStore": Object {
      "type": "SINGLE_LINE_TEXT",
      "value": "豊田大林店",
    },
    "文字列＿氏名": Object {
      "type": "SINGLE_LINE_TEXT",
      "value": "氏木 康太",
    },
  },
  Object {
    "$id": Object {
      "type": "__ID__",
      "value": "16",
    },
    "mainStore": Object {
      "type": "SINGLE_LINE_TEXT",
      "value": "豊田大林店",
    },
    "文字列＿氏名": Object {
      "type": "SINGLE_LINE_TEXT",
      "value": "小西 泰土",
    },
  },
  Object {
    "$id": Object {
      "type": "__ID__",
      "value": "18",
    },
    "mainStore": Object {
      "type": "SINGLE_LINE_TEXT",
      "value": "豊田大林店",
    },
    "文字列＿氏名": Object {
      "type": "SINGLE_LINE_TEXT",
      "value": "品川 博文",
    },
  },
  Object {
    "$id": Object {
      "type": "__ID__",
      "value": "19",
    },
    "mainStore": Object {
      "type": "SINGLE_LINE_TEXT",
      "value": "豊橋藤沢店",
    },
    "文字列＿氏名": Object {
      "type": "SINGLE_LINE_TEXT",
      "value": "髙橋 弘光",
    },
  },
  Object {
    "$id": Object {
      "type": "__ID__",
      "value": "20",
    },
    "mainStore": Object {
      "type": "SINGLE_LINE_TEXT",
      "value": "蒲郡店",
    },
    "文字列＿氏名": Object {
      "type": "SINGLE_LINE_TEXT",
      "value": "小林 竜二",
    },
  },
  Object {
    "$id": Object {
      "type": "__ID__",
      "value": "21",
    },
    "mainStore": Object {
      "type": "SINGLE_LINE_TEXT",
      "value": "蒲郡店",
    },
    "文字列＿氏名": Object {
      "type": "SINGLE_LINE_TEXT",
      "value": "井上 昌也",
    },
  },
  Object {
    "$id": Object {
      "type": "__ID__",
      "value": "22",
    },
    "mainStore": Object {
      "type": "SINGLE_LINE_TEXT",
      "value": "高浜中央店",
    },
    "文字列＿氏名": Object {
      "type": "SINGLE_LINE_TEXT",
      "value": "蛭川 聡仁",
    },
  },
  Object {
    "$id": Object {
      "type": "__ID__",
      "value": "23",
    },
    "mainStore": Object {
      "type": "SINGLE_LINE_TEXT",
      "value": "高浜中央店",
    },
    "文字列＿氏名": Object {
      "type": "SINGLE_LINE_TEXT",
      "value": "木村 太日照",
    },
  },
  Object {
    "$id": Object {
      "type": "__ID__",
      "value": "24",
    },
    "mainStore": Object {
      "type": "SINGLE_LINE_TEXT",
      "value": "高浜中央店",
    },
    "文字列＿氏名": Object {
      "type": "SINGLE_LINE_TEXT",
      "value": "須田 磨輝",
    },
  },
  Object {
    "$id": Object {
      "type": "__ID__",
      "value": "26",
    },
    "mainStore": Object {
      "type": "SINGLE_LINE_TEXT",
      "value": "千種大久手店",
    },
    "文字列＿氏名": Object {
      "type": "SINGLE_LINE_TEXT",
      "value": "伊藤 恵史",
    },
  },
  Object {
    "$id": Object {
      "type": "__ID__",
      "value": "27",
    },
    "mainStore": Object {
      "type": "SINGLE_LINE_TEXT",
      "value": "千種大久手店",
    },
    "文字列＿氏名": Object {
      "type": "SINGLE_LINE_TEXT",
      "value": "坪内 修",
    },
  },
  Object {
    "$id": Object {
      "type": "__ID__",
      "value": "28",
    },
    "mainStore": Object {
      "type": "SINGLE_LINE_TEXT",
      "value": "豊橋向山店",
    },
    "文字列＿氏名": Object {
      "type": "SINGLE_LINE_TEXT",
      "value": "松本 完太",
    },
  },
  Object {
    "$id": Object {
      "type": "__ID__",
      "value": "29",
    },
    "mainStore": Object {
      "type": "SINGLE_LINE_TEXT",
      "value": "豊川中央店",
    },
    "文字列＿氏名": Object {
      "type": "SINGLE_LINE_TEXT",
      "value": "高野 雅弘",
    },
  },
  Object {
    "$id": Object {
      "type": "__ID__",
      "value": "30",
    },
    "mainStore": Object {
      "type": "SINGLE_LINE_TEXT",
      "value": "豊川中央店",
    },
    "文字列＿氏名": Object {
      "type": "SINGLE_LINE_TEXT",
      "value": "金指 悠太",
    },
  },
  Object {
    "$id": Object {
      "type": "__ID__",
      "value": "31",
    },
    "mainStore": Object {
      "type": "SINGLE_LINE_TEXT",
      "value": "豊川中央店",
    },
    "文字列＿氏名": Object {
      "type": "SINGLE_LINE_TEXT",
      "value": "加藤 紀明",
    },
  },
  Object {
    "$id": Object {
      "type": "__ID__",
      "value": "32",
    },
    "mainStore": Object {
      "type": "SINGLE_LINE_TEXT",
      "value": "豊川中央店",
    },
    "文字列＿氏名": Object {
      "type": "SINGLE_LINE_TEXT",
      "value": "伊奈 竜助",
    },
  },
  Object {
    "$id": Object {
      "type": "__ID__",
      "value": "33",
    },
    "mainStore": Object {
      "type": "SINGLE_LINE_TEXT",
      "value": "豊橋藤沢店",
    },
    "文字列＿氏名": Object {
      "type": "SINGLE_LINE_TEXT",
      "value": "岩村 卓磨",
    },
  },
  Object {
    "$id": Object {
      "type": "__ID__",
      "value": "34",
    },
    "mainStore": Object {
      "type": "SINGLE_LINE_TEXT",
      "value": "豊川中央店",
    },
    "文字列＿氏名": Object {
      "type": "SINGLE_LINE_TEXT",
      "value": "立川 チアゴ",
    },
  },
  Object {
    "$id": Object {
      "type": "__ID__",
      "value": "35",
    },
    "mainStore": Object {
      "type": "SINGLE_LINE_TEXT",
      "value": "豊川八幡店",
    },
    "文字列＿氏名": Object {
      "type": "SINGLE_LINE_TEXT",
      "value": "津島 一貴",
    },
  },
  Object {
    "$id": Object {
      "type": "__ID__",
      "value": "49",
    },
    "mainStore": Object {
      "type": "SINGLE_LINE_TEXT",
      "value": "豊田中央店",
    },
    "文字列＿氏名": Object {
      "type": "SINGLE_LINE_TEXT",
      "value": "向井 英志",
    },
  },
  Object {
    "$id": Object {
      "type": "__ID__",
      "value": "50",
    },
    "mainStore": Object {
      "type": "SINGLE_LINE_TEXT",
      "value": "豊田中央店",
    },
    "文字列＿氏名": Object {
      "type": "SINGLE_LINE_TEXT",
      "value": "水野 一徳",
    },
  },
  Object {
    "$id": Object {
      "type": "__ID__",
      "value": "51",
    },
    "mainStore": Object {
      "type": "SINGLE_LINE_TEXT",
      "value": "豊田中央店",
    },
    "文字列＿氏名": Object {
      "type": "SINGLE_LINE_TEXT",
      "value": "嘉代 大河",
    },
  },
  Object {
    "$id": Object {
      "type": "__ID__",
      "value": "52",
    },
    "mainStore": Object {
      "type": "SINGLE_LINE_TEXT",
      "value": "豊田中央店",
    },
    "文字列＿氏名": Object {
      "type": "SINGLE_LINE_TEXT",
      "value": "影島 湧人",
    },
  },
  Object {
    "$id": Object {
      "type": "__ID__",
      "value": "53",
    },
    "mainStore": Object {
      "type": "SINGLE_LINE_TEXT",
      "value": "豊田中央店",
    },
    "文字列＿氏名": Object {
      "type": "SINGLE_LINE_TEXT",
      "value": "鈴木 貫太",
    },
  },
  Object {
    "$id": Object {
      "type": "__ID__",
      "value": "54",
    },
    "mainStore": Object {
      "type": "SINGLE_LINE_TEXT",
      "value": "高浜中央店",
    },
    "文字列＿氏名": Object {
      "type": "SINGLE_LINE_TEXT",
      "value": "有村 拓哉",
    },
  },
  Object {
    "$id": Object {
      "type": "__ID__",
      "value": "62",
    },
    "mainStore": Object {
      "type": "SINGLE_LINE_TEXT",
      "value": "豊田中央店",
    },
    "文字列＿氏名": Object {
      "type": "SINGLE_LINE_TEXT",
      "value": "神谷 昌孝",
    },
  },
  Object {
    "$id": Object {
      "type": "__ID__",
      "value": "63",
    },
    "mainStore": Object {
      "type": "SINGLE_LINE_TEXT",
      "value": "豊橋向山店",
    },
    "文字列＿氏名": Object {
      "type": "SINGLE_LINE_TEXT",
      "value": "秦 暢宏",
    },
  },
  Object {
    "$id": Object {
      "type": "__ID__",
      "value": "64",
    },
    "mainStore": Object {
      "type": "SINGLE_LINE_TEXT",
      "value": "豊橋向山店",
    },
    "文字列＿氏名": Object {
      "type": "SINGLE_LINE_TEXT",
      "value": "天野 剣吾",
    },
  },
  Object {
    "$id": Object {
      "type": "__ID__",
      "value": "65",
    },
    "mainStore": Object {
      "type": "SINGLE_LINE_TEXT",
      "value": "豊橋向山店",
    },
    "文字列＿氏名": Object {
      "type": "SINGLE_LINE_TEXT",
      "value": "水崎 佑輝",
    },
  },
  Object {
    "$id": Object {
      "type": "__ID__",
      "value": "66",
    },
    "mainStore": Object {
      "type": "SINGLE_LINE_TEXT",
      "value": "豊橋向山店",
    },
    "文字列＿氏名": Object {
      "type": "SINGLE_LINE_TEXT",
      "value": "髙瀬　弘",
    },
  },
  Object {
    "$id": Object {
      "type": "__ID__",
      "value": "67",
    },
    "mainStore": Object {
      "type": "SINGLE_LINE_TEXT",
      "value": "豊橋藤沢店",
    },
    "文字列＿氏名": Object {
      "type": "SINGLE_LINE_TEXT",
      "value": "奥平 宗太郎",
    },
  },
  Object {
    "$id": Object {
      "type": "__ID__",
      "value": "68",
    },
    "mainStore": Object {
      "type": "SINGLE_LINE_TEXT",
      "value": "中川八熊店",
    },
    "文字列＿氏名": Object {
      "type": "SINGLE_LINE_TEXT",
      "value": "林 敏生",
    },
  },
  Object {
    "$id": Object {
      "type": "__ID__",
      "value": "69",
    },
    "mainStore": Object {
      "type": "SINGLE_LINE_TEXT",
      "value": "中川八熊店",
    },
    "文字列＿氏名": Object {
      "type": "SINGLE_LINE_TEXT",
      "value": "牧内 祐美",
    },
  },
  Object {
    "$id": Object {
      "type": "__ID__",
      "value": "70",
    },
    "mainStore": Object {
      "type": "SINGLE_LINE_TEXT",
      "value": "中川八熊店",
    },
    "文字列＿氏名": Object {
      "type": "SINGLE_LINE_TEXT",
      "value": "村上 義治",
    },
  },
  Object {
    "$id": Object {
      "type": "__ID__",
      "value": "71",
    },
    "mainStore": Object {
      "type": "SINGLE_LINE_TEXT",
      "value": "中川八熊店",
    },
    "文字列＿氏名": Object {
      "type": "SINGLE_LINE_TEXT",
      "value": "青山 ひかる",
    },
  },
  Object {
    "$id": Object {
      "type": "__ID__",
      "value": "74",
    },
    "mainStore": Object {
      "type": "SINGLE_LINE_TEXT",
      "value": "蒲郡店",
    },
    "文字列＿氏名": Object {
      "type": "SINGLE_LINE_TEXT",
      "value": "小野 博史",
    },
  },
  Object {
    "$id": Object {
      "type": "__ID__",
      "value": "75",
    },
    "mainStore": Object {
      "type": "SINGLE_LINE_TEXT",
      "value": "豊川八幡店",
    },
    "文字列＿氏名": Object {
      "type": "SINGLE_LINE_TEXT",
      "value": "岩田 咲希",
    },
  },
  Object {
    "$id": Object {
      "type": "__ID__",
      "value": "154",
    },
    "mainStore": Object {
      "type": "SINGLE_LINE_TEXT",
      "value": "豊川中央店",
    },
    "文字列＿氏名": Object {
      "type": "SINGLE_LINE_TEXT",
      "value": "森口 明真",
    },
  },
  Object {
    "$id": Object {
      "type": "__ID__",
      "value": "189",
    },
    "mainStore": Object {
      "type": "SINGLE_LINE_TEXT",
      "value": "豊川八幡店",
    },
    "文字列＿氏名": Object {
      "type": "SINGLE_LINE_TEXT",
      "value": "杉田　龍佑",
    },
  },
  Object {
    "$id": Object {
      "type": "__ID__",
      "value": "193",
    },
    "mainStore": Object {
      "type": "SINGLE_LINE_TEXT",
      "value": "買取店",
    },
    "文字列＿氏名": Object {
      "type": "SINGLE_LINE_TEXT",
      "value": "山佳 哲也",
    },
  },
  Object {
    "$id": Object {
      "type": "__ID__",
      "value": "206",
    },
    "mainStore": Object {
      "type": "SINGLE_LINE_TEXT",
      "value": "豊川中央店",
    },
    "文字列＿氏名": Object {
      "type": "SINGLE_LINE_TEXT",
      "value": "山田 瑞輝",
    },
  },
]
`;
